Starting download of letter images...
This will download 338 images
Processing color: WL
  Downloading letter: A
    Position 01 -> public/images/letters/white/A/2char-pos1.png
    ✓ Downloaded: public/images/letters/white/A/2char-pos1.png
    Position 02 -> public/images/letters/white/A/3char-pos2.png
    ✓ Downloaded: public/images/letters/white/A/3char-pos2.png
    Position 03 -> public/images/letters/white/A/4char-pos3.png
    ✓ Downloaded: public/images/letters/white/A/4char-pos3.png
    Position 04 -> public/images/letters/white/A/5char-pos4.png
    ✓ Downloaded: public/images/letters/white/A/5char-pos4.png
    Position 05 -> public/images/letters/white/A/6char-pos5.png
    ✓ Downloaded: public/images/letters/white/A/6char-pos5.png
    Position 06 -> public/images/letters/white/A/7char-pos6.png
    ✓ Downloaded: public/images/letters/white/A/7char-pos6.png
    Position 07 -> public/images/letters/white/A/8char-pos7.png
    ✓ Downloaded: public/images/letters/white/A/8char-pos7.png
    Position 08 -> public/images/letters/white/A/9char-pos8.png
    ✓ Downloaded: public/images/letters/white/A/9char-pos8.png
    Position 09 -> public/images/letters/white/A/10char-pos9.png
    ✓ Downloaded: public/images/letters/white/A/10char-pos9.png
    Position 10 -> public/images/letters/white/A/11char-pos10.png
    ✓ Downloaded: public/images/letters/white/A/11char-pos10.png
    Position 11 -> public/images/letters/white/A/12char-pos11.png
    ✓ Downloaded: public/images/letters/white/A/12char-pos11.png
    Position 12 -> public/images/letters/white/A/13char-pos12.png
    ✓ Downloaded: public/images/letters/white/A/13char-pos12.png
    Position 13 -> public/images/letters/white/A/14char-pos13.png
    ✓ Downloaded: public/images/letters/white/A/14char-pos13.png
  Completed letter: A
  Downloading letter: B
    Position 01 -> public/images/letters/white/B/2char-pos1.png
    ✓ Downloaded: public/images/letters/white/B/2char-pos1.png
    Position 02 -> public/images/letters/white/B/3char-pos2.png
    ✓ Downloaded: public/images/letters/white/B/3char-pos2.png
    Position 03 -> public/images/letters/white/B/4char-pos3.png
    ✓ Downloaded: public/images/letters/white/B/4char-pos3.png
    Position 04 -> public/images/letters/white/B/5char-pos4.png
    ✓ Downloaded: public/images/letters/white/B/5char-pos4.png
    Position 05 -> public/images/letters/white/B/6char-pos5.png
    ✓ Downloaded: public/images/letters/white/B/6char-pos5.png
    Position 06 -> public/images/letters/white/B/7char-pos6.png
    ✓ Downloaded: public/images/letters/white/B/7char-pos6.png
    Position 07 -> public/images/letters/white/B/8char-pos7.png
    ✓ Downloaded: public/images/letters/white/B/8char-pos7.png
    Position 08 -> public/images/letters/white/B/9char-pos8.png
    ✓ Downloaded: public/images/letters/white/B/9char-pos8.png
    Position 09 -> public/images/letters/white/B/10char-pos9.png
    ✓ Downloaded: public/images/letters/white/B/10char-pos9.png
    Position 10 -> public/images/letters/white/B/11char-pos10.png
    ✓ Downloaded: public/images/letters/white/B/11char-pos10.png
    Position 11 -> public/images/letters/white/B/12char-pos11.png
    ✓ Downloaded: public/images/letters/white/B/12char-pos11.png
    Position 12 -> public/images/letters/white/B/13char-pos12.png
    ✓ Downloaded: public/images/letters/white/B/13char-pos12.png
    Position 13 -> public/images/letters/white/B/14char-pos13.png
    ✓ Downloaded: public/images/letters/white/B/14char-pos13.png
  Completed letter: B
  Downloading letter: C
    Position 01 -> public/images/letters/white/C/2char-pos1.png
    ✓ Downloaded: public/images/letters/white/C/2char-pos1.png
    Position 02 -> public/images/letters/white/C/3char-pos2.png
    ✓ Downloaded: public/images/letters/white/C/3char-pos2.png
    Position 03 -> public/images/letters/white/C/4char-pos3.png
    ✓ Downloaded: public/images/letters/white/C/4char-pos3.png
    Position 04 -> public/images/letters/white/C/5char-pos4.png
    ✓ Downloaded: public/images/letters/white/C/5char-pos4.png
    Position 05 -> public/images/letters/white/C/6char-pos5.png
    ✓ Downloaded: public/images/letters/white/C/6char-pos5.png
    Position 06 -> public/images/letters/white/C/7char-pos6.png
    ✓ Downloaded: public/images/letters/white/C/7char-pos6.png
    Position 07 -> public/images/letters/white/C/8char-pos7.png
    ✓ Downloaded: public/images/letters/white/C/8char-pos7.png
    Position 08 -> public/images/letters/white/C/9char-pos8.png
    ✓ Downloaded: public/images/letters/white/C/9char-pos8.png
    Position 09 -> public/images/letters/white/C/10char-pos9.png
    ✓ Downloaded: public/images/letters/white/C/10char-pos9.png
    Position 10 -> public/images/letters/white/C/11char-pos10.png
    ✓ Downloaded: public/images/letters/white/C/11char-pos10.png
    Position 11 -> public/images/letters/white/C/12char-pos11.png
    ✓ Downloaded: public/images/letters/white/C/12char-pos11.png
    Position 12 -> public/images/letters/white/C/13char-pos12.png
    ✓ Downloaded: public/images/letters/white/C/13char-pos12.png
    Position 13 -> public/images/letters/white/C/14char-pos13.png
    ✓ Downloaded: public/images/letters/white/C/14char-pos13.png
  Completed letter: C
  Downloading letter: D
    Position 01 -> public/images/letters/white/D/2char-pos1.png
    ✓ Downloaded: public/images/letters/white/D/2char-pos1.png
    Position 02 -> public/images/letters/white/D/3char-pos2.png
    ✓ Downloaded: public/images/letters/white/D/3char-pos2.png
    Position 03 -> public/images/letters/white/D/4char-pos3.png
    ✓ Downloaded: public/images/letters/white/D/4char-pos3.png
    Position 04 -> public/images/letters/white/D/5char-pos4.png
    ✓ Downloaded: public/images/letters/white/D/5char-pos4.png
    Position 05 -> public/images/letters/white/D/6char-pos5.png
    ✓ Downloaded: public/images/letters/white/D/6char-pos5.png
    Position 06 -> public/images/letters/white/D/7char-pos6.png
    ✓ Downloaded: public/images/letters/white/D/7char-pos6.png
    Position 07 -> public/images/letters/white/D/8char-pos7.png
    ✓ Downloaded: public/images/letters/white/D/8char-pos7.png
    Position 08 -> public/images/letters/white/D/9char-pos8.png
    ✓ Downloaded: public/images/letters/white/D/9char-pos8.png
    Position 09 -> public/images/letters/white/D/10char-pos9.png
    ✓ Downloaded: public/images/letters/white/D/10char-pos9.png
    Position 10 -> public/images/letters/white/D/11char-pos10.png
    ✓ Downloaded: public/images/letters/white/D/11char-pos10.png
    Position 11 -> public/images/letters/white/D/12char-pos11.png
    ✓ Downloaded: public/images/letters/white/D/12char-pos11.png
    Position 12 -> public/images/letters/white/D/13char-pos12.png
    ✓ Downloaded: public/images/letters/white/D/13char-pos12.png
    Position 13 -> public/images/letters/white/D/14char-pos13.png
    ✓ Downloaded: public/images/letters/white/D/14char-pos13.png
  Completed letter: D
  Downloading letter: E
    Position 01 -> public/images/letters/white/E/2char-pos1.png
    ✓ Downloaded: public/images/letters/white/E/2char-pos1.png
    Position 02 -> public/images/letters/white/E/3char-pos2.png
    ✓ Downloaded: public/images/letters/white/E/3char-pos2.png
    Position 03 -> public/images/letters/white/E/4char-pos3.png
    ✓ Downloaded: public/images/letters/white/E/4char-pos3.png
    Position 04 -> public/images/letters/white/E/5char-pos4.png
    ✓ Downloaded: public/images/letters/white/E/5char-pos4.png
    Position 05 -> public/images/letters/white/E/6char-pos5.png
    ✓ Downloaded: public/images/letters/white/E/6char-pos5.png
    Position 06 -> public/images/letters/white/E/7char-pos6.png
    ✓ Downloaded: public/images/letters/white/E/7char-pos6.png
    Position 07 -> public/images/letters/white/E/8char-pos7.png
    ✓ Downloaded: public/images/letters/white/E/8char-pos7.png
    Position 08 -> public/images/letters/white/E/9char-pos8.png
    ✓ Downloaded: public/images/letters/white/E/9char-pos8.png
    Position 09 -> public/images/letters/white/E/10char-pos9.png
    ✓ Downloaded: public/images/letters/white/E/10char-pos9.png
    Position 10 -> public/images/letters/white/E/11char-pos10.png
    ✓ Downloaded: public/images/letters/white/E/11char-pos10.png
    Position 11 -> public/images/letters/white/E/12char-pos11.png
    ✓ Downloaded: public/images/letters/white/E/12char-pos11.png
    Position 12 -> public/images/letters/white/E/13char-pos12.png
    ✓ Downloaded: public/images/letters/white/E/13char-pos12.png
    Position 13 -> public/images/letters/white/E/14char-pos13.png
    ✓ Downloaded: public/images/letters/white/E/14char-pos13.png
  Completed letter: E
  Downloading letter: F
    Position 01 -> public/images/letters/white/F/2char-pos1.png
    ✓ Downloaded: public/images/letters/white/F/2char-pos1.png
    Position 02 -> public/images/letters/white/F/3char-pos2.png
    ✓ Downloaded: public/images/letters/white/F/3char-pos2.png
    Position 03 -> public/images/letters/white/F/4char-pos3.png
    ✓ Downloaded: public/images/letters/white/F/4char-pos3.png
    Position 04 -> public/images/letters/white/F/5char-pos4.png
    ✓ Downloaded: public/images/letters/white/F/5char-pos4.png
    Position 05 -> public/images/letters/white/F/6char-pos5.png
    ✓ Downloaded: public/images/letters/white/F/6char-pos5.png
    Position 06 -> public/images/letters/white/F/7char-pos6.png
    ✓ Downloaded: public/images/letters/white/F/7char-pos6.png
    Position 07 -> public/images/letters/white/F/8char-pos7.png
    ✓ Downloaded: public/images/letters/white/F/8char-pos7.png
    Position 08 -> public/images/letters/white/F/9char-pos8.png
    ✓ Downloaded: public/images/letters/white/F/9char-pos8.png
    Position 09 -> public/images/letters/white/F/10char-pos9.png
    ✓ Downloaded: public/images/letters/white/F/10char-pos9.png
    Position 10 -> public/images/letters/white/F/11char-pos10.png
    ✓ Downloaded: public/images/letters/white/F/11char-pos10.png
    Position 11 -> public/images/letters/white/F/12char-pos11.png
    ✓ Downloaded: public/images/letters/white/F/12char-pos11.png
    Position 12 -> public/images/letters/white/F/13char-pos12.png
    ✓ Downloaded: public/images/letters/white/F/13char-pos12.png
    Position 13 -> public/images/letters/white/F/14char-pos13.png
    ✓ Downloaded: public/images/letters/white/F/14char-pos13.png
  Completed letter: F
  Downloading letter: G
    Position 01 -> public/images/letters/white/G/2char-pos1.png
    ✓ Downloaded: public/images/letters/white/G/2char-pos1.png
    Position 02 -> public/images/letters/white/G/3char-pos2.png
    ✓ Downloaded: public/images/letters/white/G/3char-pos2.png
    Position 03 -> public/images/letters/white/G/4char-pos3.png
    ✓ Downloaded: public/images/letters/white/G/4char-pos3.png
    Position 04 -> public/images/letters/white/G/5char-pos4.png
    ✓ Downloaded: public/images/letters/white/G/5char-pos4.png
    Position 05 -> public/images/letters/white/G/6char-pos5.png
    ✓ Downloaded: public/images/letters/white/G/6char-pos5.png
    Position 06 -> public/images/letters/white/G/7char-pos6.png
    ✓ Downloaded: public/images/letters/white/G/7char-pos6.png
    Position 07 -> public/images/letters/white/G/8char-pos7.png
    ✓ Downloaded: public/images/letters/white/G/8char-pos7.png
    Position 08 -> public/images/letters/white/G/9char-pos8.png
    ✓ Downloaded: public/images/letters/white/G/9char-pos8.png
    Position 09 -> public/images/letters/white/G/10char-pos9.png
    ✓ Downloaded: public/images/letters/white/G/10char-pos9.png
    Position 10 -> public/images/letters/white/G/11char-pos10.png
    ✓ Downloaded: public/images/letters/white/G/11char-pos10.png
    Position 11 -> public/images/letters/white/G/12char-pos11.png
    ✓ Downloaded: public/images/letters/white/G/12char-pos11.png
    Position 12 -> public/images/letters/white/G/13char-pos12.png
    ✓ Downloaded: public/images/letters/white/G/13char-pos12.png
    Position 13 -> public/images/letters/white/G/14char-pos13.png
    ✓ Downloaded: public/images/letters/white/G/14char-pos13.png
  Completed letter: G
  Downloading letter: H
    Position 01 -> public/images/letters/white/H/2char-pos1.png
    ✓ Downloaded: public/images/letters/white/H/2char-pos1.png
    Position 02 -> public/images/letters/white/H/3char-pos2.png
    ✓ Downloaded: public/images/letters/white/H/3char-pos2.png
    Position 03 -> public/images/letters/white/H/4char-pos3.png
    ✓ Downloaded: public/images/letters/white/H/4char-pos3.png
    Position 04 -> public/images/letters/white/H/5char-pos4.png
    ✓ Downloaded: public/images/letters/white/H/5char-pos4.png
    Position 05 -> public/images/letters/white/H/6char-pos5.png
    ✓ Downloaded: public/images/letters/white/H/6char-pos5.png
    Position 06 -> public/images/letters/white/H/7char-pos6.png
    ✓ Downloaded: public/images/letters/white/H/7char-pos6.png
    Position 07 -> public/images/letters/white/H/8char-pos7.png
    ✓ Downloaded: public/images/letters/white/H/8char-pos7.png
    Position 08 -> public/images/letters/white/H/9char-pos8.png
    ✓ Downloaded: public/images/letters/white/H/9char-pos8.png
    Position 09 -> public/images/letters/white/H/10char-pos9.png
    ✓ Downloaded: public/images/letters/white/H/10char-pos9.png
    Position 10 -> public/images/letters/white/H/11char-pos10.png
    ✓ Downloaded: public/images/letters/white/H/11char-pos10.png
    Position 11 -> public/images/letters/white/H/12char-pos11.png
    ✓ Downloaded: public/images/letters/white/H/12char-pos11.png
    Position 12 -> public/images/letters/white/H/13char-pos12.png
    ✓ Downloaded: public/images/letters/white/H/13char-pos12.png
    Position 13 -> public/images/letters/white/H/14char-pos13.png
    ✓ Downloaded: public/images/letters/white/H/14char-pos13.png
  Completed letter: H
  Downloading letter: I
    Position 01 -> public/images/letters/white/I/2char-pos1.png
    ✓ Downloaded: public/images/letters/white/I/2char-pos1.png
    Position 02 -> public/images/letters/white/I/3char-pos2.png
    ✓ Downloaded: public/images/letters/white/I/3char-pos2.png
    Position 03 -> public/images/letters/white/I/4char-pos3.png
    ✓ Downloaded: public/images/letters/white/I/4char-pos3.png
    Position 04 -> public/images/letters/white/I/5char-pos4.png
    ✓ Downloaded: public/images/letters/white/I/5char-pos4.png
    Position 05 -> public/images/letters/white/I/6char-pos5.png
    ✓ Downloaded: public/images/letters/white/I/6char-pos5.png
    Position 06 -> public/images/letters/white/I/7char-pos6.png
    ✓ Downloaded: public/images/letters/white/I/7char-pos6.png
    Position 07 -> public/images/letters/white/I/8char-pos7.png
    ✓ Downloaded: public/images/letters/white/I/8char-pos7.png
    Position 08 -> public/images/letters/white/I/9char-pos8.png
    ✓ Downloaded: public/images/letters/white/I/9char-pos8.png
    Position 09 -> public/images/letters/white/I/10char-pos9.png
    ✓ Downloaded: public/images/letters/white/I/10char-pos9.png
    Position 10 -> public/images/letters/white/I/11char-pos10.png
    ✓ Downloaded: public/images/letters/white/I/11char-pos10.png
    Position 11 -> public/images/letters/white/I/12char-pos11.png
    ✓ Downloaded: public/images/letters/white/I/12char-pos11.png
    Position 12 -> public/images/letters/white/I/13char-pos12.png
    ✓ Downloaded: public/images/letters/white/I/13char-pos12.png
    Position 13 -> public/images/letters/white/I/14char-pos13.png
    ✓ Downloaded: public/images/letters/white/I/14char-pos13.png
  Completed letter: I
  Downloading letter: J
    Position 01 -> public/images/letters/white/J/2char-pos1.png
    ✓ Downloaded: public/images/letters/white/J/2char-pos1.png
    Position 02 -> public/images/letters/white/J/3char-pos2.png
    ✓ Downloaded: public/images/letters/white/J/3char-pos2.png
    Position 03 -> public/images/letters/white/J/4char-pos3.png
    ✓ Downloaded: public/images/letters/white/J/4char-pos3.png
    Position 04 -> public/images/letters/white/J/5char-pos4.png
    ✓ Downloaded: public/images/letters/white/J/5char-pos4.png
    Position 05 -> public/images/letters/white/J/6char-pos5.png
    ✓ Downloaded: public/images/letters/white/J/6char-pos5.png
    Position 06 -> public/images/letters/white/J/7char-pos6.png
    ✓ Downloaded: public/images/letters/white/J/7char-pos6.png
    Position 07 -> public/images/letters/white/J/8char-pos7.png
    ✓ Downloaded: public/images/letters/white/J/8char-pos7.png
    Position 08 -> public/images/letters/white/J/9char-pos8.png
    ✓ Downloaded: public/images/letters/white/J/9char-pos8.png
    Position 09 -> public/images/letters/white/J/10char-pos9.png
    ✓ Downloaded: public/images/letters/white/J/10char-pos9.png
    Position 10 -> public/images/letters/white/J/11char-pos10.png
    ✓ Downloaded: public/images/letters/white/J/11char-pos10.png
    Position 11 -> public/images/letters/white/J/12char-pos11.png
    ✓ Downloaded: public/images/letters/white/J/12char-pos11.png
    Position 12 -> public/images/letters/white/J/13char-pos12.png
    ✓ Downloaded: public/images/letters/white/J/13char-pos12.png
    Position 13 -> public/images/letters/white/J/14char-pos13.png
    ✓ Downloaded: public/images/letters/white/J/14char-pos13.png
  Completed letter: J
  Downloading letter: K
    Position 01 -> public/images/letters/white/K/2char-pos1.png
    ✓ Downloaded: public/images/letters/white/K/2char-pos1.png
    Position 02 -> public/images/letters/white/K/3char-pos2.png
    ✓ Downloaded: public/images/letters/white/K/3char-pos2.png
    Position 03 -> public/images/letters/white/K/4char-pos3.png
    ✓ Downloaded: public/images/letters/white/K/4char-pos3.png
    Position 04 -> public/images/letters/white/K/5char-pos4.png
    ✓ Downloaded: public/images/letters/white/K/5char-pos4.png
    Position 05 -> public/images/letters/white/K/6char-pos5.png
    ✓ Downloaded: public/images/letters/white/K/6char-pos5.png
    Position 06 -> public/images/letters/white/K/7char-pos6.png
    ✓ Downloaded: public/images/letters/white/K/7char-pos6.png
    Position 07 -> public/images/letters/white/K/8char-pos7.png
    ✓ Downloaded: public/images/letters/white/K/8char-pos7.png
    Position 08 -> public/images/letters/white/K/9char-pos8.png
    ✓ Downloaded: public/images/letters/white/K/9char-pos8.png
    Position 09 -> public/images/letters/white/K/10char-pos9.png
    ✓ Downloaded: public/images/letters/white/K/10char-pos9.png
    Position 10 -> public/images/letters/white/K/11char-pos10.png
    ✓ Downloaded: public/images/letters/white/K/11char-pos10.png
    Position 11 -> public/images/letters/white/K/12char-pos11.png
    ✓ Downloaded: public/images/letters/white/K/12char-pos11.png
    Position 12 -> public/images/letters/white/K/13char-pos12.png
    ✓ Downloaded: public/images/letters/white/K/13char-pos12.png
    Position 13 -> public/images/letters/white/K/14char-pos13.png
    ✓ Downloaded: public/images/letters/white/K/14char-pos13.png
  Completed letter: K
  Downloading letter: L
    Position 01 -> public/images/letters/white/L/2char-pos1.png
    ✓ Downloaded: public/images/letters/white/L/2char-pos1.png
    Position 02 -> public/images/letters/white/L/3char-pos2.png
    ✓ Downloaded: public/images/letters/white/L/3char-pos2.png
    Position 03 -> public/images/letters/white/L/4char-pos3.png
    ✓ Downloaded: public/images/letters/white/L/4char-pos3.png
    Position 04 -> public/images/letters/white/L/5char-pos4.png
    ✓ Downloaded: public/images/letters/white/L/5char-pos4.png
    Position 05 -> public/images/letters/white/L/6char-pos5.png
    ✓ Downloaded: public/images/letters/white/L/6char-pos5.png
    Position 06 -> public/images/letters/white/L/7char-pos6.png
    ✓ Downloaded: public/images/letters/white/L/7char-pos6.png
    Position 07 -> public/images/letters/white/L/8char-pos7.png
    ✓ Downloaded: public/images/letters/white/L/8char-pos7.png
    Position 08 -> public/images/letters/white/L/9char-pos8.png
    ✓ Downloaded: public/images/letters/white/L/9char-pos8.png
    Position 09 -> public/images/letters/white/L/10char-pos9.png
    ✓ Downloaded: public/images/letters/white/L/10char-pos9.png
    Position 10 -> public/images/letters/white/L/11char-pos10.png
    ✓ Downloaded: public/images/letters/white/L/11char-pos10.png
    Position 11 -> public/images/letters/white/L/12char-pos11.png
    ✓ Downloaded: public/images/letters/white/L/12char-pos11.png
    Position 12 -> public/images/letters/white/L/13char-pos12.png
    ✓ Downloaded: public/images/letters/white/L/13char-pos12.png
    Position 13 -> public/images/letters/white/L/14char-pos13.png
    ✓ Downloaded: public/images/letters/white/L/14char-pos13.png
  Completed letter: L
  Downloading letter: M
    Position 01 -> public/images/letters/white/M/2char-pos1.png
    ✓ Downloaded: public/images/letters/white/M/2char-pos1.png
    Position 02 -> public/images/letters/white/M/3char-pos2.png
    ✓ Downloaded: public/images/letters/white/M/3char-pos2.png
    Position 03 -> public/images/letters/white/M/4char-pos3.png
    ✓ Downloaded: public/images/letters/white/M/4char-pos3.png
    Position 04 -> public/images/letters/white/M/5char-pos4.png
    ✓ Downloaded: public/images/letters/white/M/5char-pos4.png
    Position 05 -> public/images/letters/white/M/6char-pos5.png
    ✓ Downloaded: public/images/letters/white/M/6char-pos5.png
    Position 06 -> public/images/letters/white/M/7char-pos6.png
    ✓ Downloaded: public/images/letters/white/M/7char-pos6.png
    Position 07 -> public/images/letters/white/M/8char-pos7.png
    ✓ Downloaded: public/images/letters/white/M/8char-pos7.png
    Position 08 -> public/images/letters/white/M/9char-pos8.png
    ✓ Downloaded: public/images/letters/white/M/9char-pos8.png
    Position 09 -> public/images/letters/white/M/10char-pos9.png
    ✓ Downloaded: public/images/letters/white/M/10char-pos9.png
    Position 10 -> public/images/letters/white/M/11char-pos10.png
    ✓ Downloaded: public/images/letters/white/M/11char-pos10.png
    Position 11 -> public/images/letters/white/M/12char-pos11.png
    ✓ Downloaded: public/images/letters/white/M/12char-pos11.png
    Position 12 -> public/images/letters/white/M/13char-pos12.png
    ✓ Downloaded: public/images/letters/white/M/13char-pos12.png
    Position 13 -> public/images/letters/white/M/14char-pos13.png
    ✓ Downloaded: public/images/letters/white/M/14char-pos13.png
  Completed letter: M
  Downloading letter: N
    Position 01 -> public/images/letters/white/N/2char-pos1.png
    ✓ Downloaded: public/images/letters/white/N/2char-pos1.png
    Position 02 -> public/images/letters/white/N/3char-pos2.png
    ✓ Downloaded: public/images/letters/white/N/3char-pos2.png
    Position 03 -> public/images/letters/white/N/4char-pos3.png
    ✓ Downloaded: public/images/letters/white/N/4char-pos3.png
    Position 04 -> public/images/letters/white/N/5char-pos4.png
    ✓ Downloaded: public/images/letters/white/N/5char-pos4.png
    Position 05 -> public/images/letters/white/N/6char-pos5.png
    ✓ Downloaded: public/images/letters/white/N/6char-pos5.png
    Position 06 -> public/images/letters/white/N/7char-pos6.png
    ✓ Downloaded: public/images/letters/white/N/7char-pos6.png
    Position 07 -> public/images/letters/white/N/8char-pos7.png
    ✓ Downloaded: public/images/letters/white/N/8char-pos7.png
    Position 08 -> public/images/letters/white/N/9char-pos8.png
    ✓ Downloaded: public/images/letters/white/N/9char-pos8.png
    Position 09 -> public/images/letters/white/N/10char-pos9.png
    ✓ Downloaded: public/images/letters/white/N/10char-pos9.png
    Position 10 -> public/images/letters/white/N/11char-pos10.png
    ✓ Downloaded: public/images/letters/white/N/11char-pos10.png
    Position 11 -> public/images/letters/white/N/12char-pos11.png
    ✓ Downloaded: public/images/letters/white/N/12char-pos11.png
    Position 12 -> public/images/letters/white/N/13char-pos12.png
    ✓ Downloaded: public/images/letters/white/N/13char-pos12.png
    Position 13 -> public/images/letters/white/N/14char-pos13.png
    ✓ Downloaded: public/images/letters/white/N/14char-pos13.png
  Completed letter: N
  Downloading letter: O
    Position 01 -> public/images/letters/white/O/2char-pos1.png
    ✓ Downloaded: public/images/letters/white/O/2char-pos1.png
    Position 02 -> public/images/letters/white/O/3char-pos2.png
    ✓ Downloaded: public/images/letters/white/O/3char-pos2.png
    Position 03 -> public/images/letters/white/O/4char-pos3.png
    ✓ Downloaded: public/images/letters/white/O/4char-pos3.png
    Position 04 -> public/images/letters/white/O/5char-pos4.png
    ✓ Downloaded: public/images/letters/white/O/5char-pos4.png
    Position 05 -> public/images/letters/white/O/6char-pos5.png
    ✓ Downloaded: public/images/letters/white/O/6char-pos5.png
    Position 06 -> public/images/letters/white/O/7char-pos6.png
    ✓ Downloaded: public/images/letters/white/O/7char-pos6.png
    Position 07 -> public/images/letters/white/O/8char-pos7.png
    ✓ Downloaded: public/images/letters/white/O/8char-pos7.png
    Position 08 -> public/images/letters/white/O/9char-pos8.png
    ✓ Downloaded: public/images/letters/white/O/9char-pos8.png
    Position 09 -> public/images/letters/white/O/10char-pos9.png
    ✓ Downloaded: public/images/letters/white/O/10char-pos9.png
    Position 10 -> public/images/letters/white/O/11char-pos10.png
    ✓ Downloaded: public/images/letters/white/O/11char-pos10.png
    Position 11 -> public/images/letters/white/O/12char-pos11.png
    ✓ Downloaded: public/images/letters/white/O/12char-pos11.png
    Position 12 -> public/images/letters/white/O/13char-pos12.png
    ✓ Downloaded: public/images/letters/white/O/13char-pos12.png
    Position 13 -> public/images/letters/white/O/14char-pos13.png
    ✓ Downloaded: public/images/letters/white/O/14char-pos13.png
  Completed letter: O
  Downloading letter: P
    Position 01 -> public/images/letters/white/P/2char-pos1.png
    ✓ Downloaded: public/images/letters/white/P/2char-pos1.png
    Position 02 -> public/images/letters/white/P/3char-pos2.png
    ✓ Downloaded: public/images/letters/white/P/3char-pos2.png
    Position 03 -> public/images/letters/white/P/4char-pos3.png
    ✓ Downloaded: public/images/letters/white/P/4char-pos3.png
    Position 04 -> public/images/letters/white/P/5char-pos4.png
    ✓ Downloaded: public/images/letters/white/P/5char-pos4.png
    Position 05 -> public/images/letters/white/P/6char-pos5.png
    ✓ Downloaded: public/images/letters/white/P/6char-pos5.png
    Position 06 -> public/images/letters/white/P/7char-pos6.png
    ✓ Downloaded: public/images/letters/white/P/7char-pos6.png
    Position 07 -> public/images/letters/white/P/8char-pos7.png
    ✓ Downloaded: public/images/letters/white/P/8char-pos7.png
    Position 08 -> public/images/letters/white/P/9char-pos8.png
    ✓ Downloaded: public/images/letters/white/P/9char-pos8.png
    Position 09 -> public/images/letters/white/P/10char-pos9.png
    ✓ Downloaded: public/images/letters/white/P/10char-pos9.png
    Position 10 -> public/images/letters/white/P/11char-pos10.png
    ✓ Downloaded: public/images/letters/white/P/11char-pos10.png
    Position 11 -> public/images/letters/white/P/12char-pos11.png
    ✓ Downloaded: public/images/letters/white/P/12char-pos11.png
    Position 12 -> public/images/letters/white/P/13char-pos12.png
    ✓ Downloaded: public/images/letters/white/P/13char-pos12.png
    Position 13 -> public/images/letters/white/P/14char-pos13.png
    ✓ Downloaded: public/images/letters/white/P/14char-pos13.png
  Completed letter: P
  Downloading letter: Q
    Position 01 -> public/images/letters/white/Q/2char-pos1.png
    ✓ Downloaded: public/images/letters/white/Q/2char-pos1.png
    Position 02 -> public/images/letters/white/Q/3char-pos2.png
    ✓ Downloaded: public/images/letters/white/Q/3char-pos2.png
    Position 03 -> public/images/letters/white/Q/4char-pos3.png
    ✓ Downloaded: public/images/letters/white/Q/4char-pos3.png
    Position 04 -> public/images/letters/white/Q/5char-pos4.png
    ✓ Downloaded: public/images/letters/white/Q/5char-pos4.png
    Position 05 -> public/images/letters/white/Q/6char-pos5.png
    ✓ Downloaded: public/images/letters/white/Q/6char-pos5.png
    Position 06 -> public/images/letters/white/Q/7char-pos6.png
    ✓ Downloaded: public/images/letters/white/Q/7char-pos6.png
    Position 07 -> public/images/letters/white/Q/8char-pos7.png
    ✓ Downloaded: public/images/letters/white/Q/8char-pos7.png
    Position 08 -> public/images/letters/white/Q/9char-pos8.png
    ✓ Downloaded: public/images/letters/white/Q/9char-pos8.png
    Position 09 -> public/images/letters/white/Q/10char-pos9.png
    ✓ Downloaded: public/images/letters/white/Q/10char-pos9.png
    Position 10 -> public/images/letters/white/Q/11char-pos10.png
    ✓ Downloaded: public/images/letters/white/Q/11char-pos10.png
    Position 11 -> public/images/letters/white/Q/12char-pos11.png
    ✓ Downloaded: public/images/letters/white/Q/12char-pos11.png
    Position 12 -> public/images/letters/white/Q/13char-pos12.png
    ✓ Downloaded: public/images/letters/white/Q/13char-pos12.png
    Position 13 -> public/images/letters/white/Q/14char-pos13.png
    ✓ Downloaded: public/images/letters/white/Q/14char-pos13.png
  Completed letter: Q
  Downloading letter: R
    Position 01 -> public/images/letters/white/R/2char-pos1.png
    ✓ Downloaded: public/images/letters/white/R/2char-pos1.png
    Position 02 -> public/images/letters/white/R/3char-pos2.png
    ✓ Downloaded: public/images/letters/white/R/3char-pos2.png
    Position 03 -> public/images/letters/white/R/4char-pos3.png
    ✓ Downloaded: public/images/letters/white/R/4char-pos3.png
    Position 04 -> public/images/letters/white/R/5char-pos4.png
    ✓ Downloaded: public/images/letters/white/R/5char-pos4.png
    Position 05 -> public/images/letters/white/R/6char-pos5.png
    ✓ Downloaded: public/images/letters/white/R/6char-pos5.png
    Position 06 -> public/images/letters/white/R/7char-pos6.png
    ✓ Downloaded: public/images/letters/white/R/7char-pos6.png
    Position 07 -> public/images/letters/white/R/8char-pos7.png
    ✓ Downloaded: public/images/letters/white/R/8char-pos7.png
    Position 08 -> public/images/letters/white/R/9char-pos8.png
    ✓ Downloaded: public/images/letters/white/R/9char-pos8.png
    Position 09 -> public/images/letters/white/R/10char-pos9.png
    ✓ Downloaded: public/images/letters/white/R/10char-pos9.png
    Position 10 -> public/images/letters/white/R/11char-pos10.png
    ✓ Downloaded: public/images/letters/white/R/11char-pos10.png
    Position 11 -> public/images/letters/white/R/12char-pos11.png
    ✓ Downloaded: public/images/letters/white/R/12char-pos11.png
    Position 12 -> public/images/letters/white/R/13char-pos12.png
    ✓ Downloaded: public/images/letters/white/R/13char-pos12.png
    Position 13 -> public/images/letters/white/R/14char-pos13.png
    ✓ Downloaded: public/images/letters/white/R/14char-pos13.png
  Completed letter: R
  Downloading letter: S
    Position 01 -> public/images/letters/white/S/2char-pos1.png
    ✓ Downloaded: public/images/letters/white/S/2char-pos1.png
    Position 02 -> public/images/letters/white/S/3char-pos2.png
    ✓ Downloaded: public/images/letters/white/S/3char-pos2.png
    Position 03 -> public/images/letters/white/S/4char-pos3.png
    ✓ Downloaded: public/images/letters/white/S/4char-pos3.png
    Position 04 -> public/images/letters/white/S/5char-pos4.png
    ✓ Downloaded: public/images/letters/white/S/5char-pos4.png
    Position 05 -> public/images/letters/white/S/6char-pos5.png
    ✓ Downloaded: public/images/letters/white/S/6char-pos5.png
    Position 06 -> public/images/letters/white/S/7char-pos6.png
    ✓ Downloaded: public/images/letters/white/S/7char-pos6.png
    Position 07 -> public/images/letters/white/S/8char-pos7.png
    ✓ Downloaded: public/images/letters/white/S/8char-pos7.png
    Position 08 -> public/images/letters/white/S/9char-pos8.png
    ✓ Downloaded: public/images/letters/white/S/9char-pos8.png
    Position 09 -> public/images/letters/white/S/10char-pos9.png
    ✓ Downloaded: public/images/letters/white/S/10char-pos9.png
    Position 10 -> public/images/letters/white/S/11char-pos10.png
    ✓ Downloaded: public/images/letters/white/S/11char-pos10.png
    Position 11 -> public/images/letters/white/S/12char-pos11.png
    ✓ Downloaded: public/images/letters/white/S/12char-pos11.png
    Position 12 -> public/images/letters/white/S/13char-pos12.png
    ✓ Downloaded: public/images/letters/white/S/13char-pos12.png
    Position 13 -> public/images/letters/white/S/14char-pos13.png
    ✓ Downloaded: public/images/letters/white/S/14char-pos13.png
  Completed letter: S
  Downloading letter: T
    Position 01 -> public/images/letters/white/T/2char-pos1.png
    ✓ Downloaded: public/images/letters/white/T/2char-pos1.png
    Position 02 -> public/images/letters/white/T/3char-pos2.png
    ✓ Downloaded: public/images/letters/white/T/3char-pos2.png
    Position 03 -> public/images/letters/white/T/4char-pos3.png
    ✓ Downloaded: public/images/letters/white/T/4char-pos3.png
    Position 04 -> public/images/letters/white/T/5char-pos4.png
    ✓ Downloaded: public/images/letters/white/T/5char-pos4.png
    Position 05 -> public/images/letters/white/T/6char-pos5.png
    ✓ Downloaded: public/images/letters/white/T/6char-pos5.png
    Position 06 -> public/images/letters/white/T/7char-pos6.png
    ✓ Downloaded: public/images/letters/white/T/7char-pos6.png
    Position 07 -> public/images/letters/white/T/8char-pos7.png
    ✓ Downloaded: public/images/letters/white/T/8char-pos7.png
    Position 08 -> public/images/letters/white/T/9char-pos8.png
    ✓ Downloaded: public/images/letters/white/T/9char-pos8.png
    Position 09 -> public/images/letters/white/T/10char-pos9.png
    ✓ Downloaded: public/images/letters/white/T/10char-pos9.png
    Position 10 -> public/images/letters/white/T/11char-pos10.png
    ✓ Downloaded: public/images/letters/white/T/11char-pos10.png
    Position 11 -> public/images/letters/white/T/12char-pos11.png
    ✓ Downloaded: public/images/letters/white/T/12char-pos11.png
    Position 12 -> public/images/letters/white/T/13char-pos12.png
    ✓ Downloaded: public/images/letters/white/T/13char-pos12.png
    Position 13 -> public/images/letters/white/T/14char-pos13.png
    ✓ Downloaded: public/images/letters/white/T/14char-pos13.png
  Completed letter: T
  Downloading letter: U
    Position 01 -> public/images/letters/white/U/2char-pos1.png
    ✓ Downloaded: public/images/letters/white/U/2char-pos1.png
    Position 02 -> public/images/letters/white/U/3char-pos2.png
    ✓ Downloaded: public/images/letters/white/U/3char-pos2.png
    Position 03 -> public/images/letters/white/U/4char-pos3.png
    ✓ Downloaded: public/images/letters/white/U/4char-pos3.png
    Position 04 -> public/images/letters/white/U/5char-pos4.png
    ✓ Downloaded: public/images/letters/white/U/5char-pos4.png
    Position 05 -> public/images/letters/white/U/6char-pos5.png
    ✓ Downloaded: public/images/letters/white/U/6char-pos5.png
    Position 06 -> public/images/letters/white/U/7char-pos6.png
    ✓ Downloaded: public/images/letters/white/U/7char-pos6.png
    Position 07 -> public/images/letters/white/U/8char-pos7.png
    ✓ Downloaded: public/images/letters/white/U/8char-pos7.png
    Position 08 -> public/images/letters/white/U/9char-pos8.png
    ✓ Downloaded: public/images/letters/white/U/9char-pos8.png
    Position 09 -> public/images/letters/white/U/10char-pos9.png
    ✓ Downloaded: public/images/letters/white/U/10char-pos9.png
    Position 10 -> public/images/letters/white/U/11char-pos10.png
    ✓ Downloaded: public/images/letters/white/U/11char-pos10.png
    Position 11 -> public/images/letters/white/U/12char-pos11.png
    ✓ Downloaded: public/images/letters/white/U/12char-pos11.png
    Position 12 -> public/images/letters/white/U/13char-pos12.png
    ✓ Downloaded: public/images/letters/white/U/13char-pos12.png
    Position 13 -> public/images/letters/white/U/14char-pos13.png
    ✓ Downloaded: public/images/letters/white/U/14char-pos13.png
  Completed letter: U
  Downloading letter: V
    Position 01 -> public/images/letters/white/V/2char-pos1.png
    ✓ Downloaded: public/images/letters/white/V/2char-pos1.png
    Position 02 -> public/images/letters/white/V/3char-pos2.png
    ✓ Downloaded: public/images/letters/white/V/3char-pos2.png
    Position 03 -> public/images/letters/white/V/4char-pos3.png
    ✓ Downloaded: public/images/letters/white/V/4char-pos3.png
    Position 04 -> public/images/letters/white/V/5char-pos4.png
    ✓ Downloaded: public/images/letters/white/V/5char-pos4.png
    Position 05 -> public/images/letters/white/V/6char-pos5.png
    ✓ Downloaded: public/images/letters/white/V/6char-pos5.png
    Position 06 -> public/images/letters/white/V/7char-pos6.png
    ✓ Downloaded: public/images/letters/white/V/7char-pos6.png
    Position 07 -> public/images/letters/white/V/8char-pos7.png
    ✓ Downloaded: public/images/letters/white/V/8char-pos7.png
    Position 08 -> public/images/letters/white/V/9char-pos8.png
    ✓ Downloaded: public/images/letters/white/V/9char-pos8.png
    Position 09 -> public/images/letters/white/V/10char-pos9.png
    ✓ Downloaded: public/images/letters/white/V/10char-pos9.png
    Position 10 -> public/images/letters/white/V/11char-pos10.png
    ✓ Downloaded: public/images/letters/white/V/11char-pos10.png
    Position 11 -> public/images/letters/white/V/12char-pos11.png
    ✓ Downloaded: public/images/letters/white/V/12char-pos11.png
    Position 12 -> public/images/letters/white/V/13char-pos12.png
    ✓ Downloaded: public/images/letters/white/V/13char-pos12.png
    Position 13 -> public/images/letters/white/V/14char-pos13.png
    ✓ Downloaded: public/images/letters/white/V/14char-pos13.png
  Completed letter: V
  Downloading letter: W
    Position 01 -> public/images/letters/white/W/2char-pos1.png
    ✓ Downloaded: public/images/letters/white/W/2char-pos1.png
    Position 02 -> public/images/letters/white/W/3char-pos2.png
    ✓ Downloaded: public/images/letters/white/W/3char-pos2.png
    Position 03 -> public/images/letters/white/W/4char-pos3.png
    ✓ Downloaded: public/images/letters/white/W/4char-pos3.png
    Position 04 -> public/images/letters/white/W/5char-pos4.png
    ✓ Downloaded: public/images/letters/white/W/5char-pos4.png
    Position 05 -> public/images/letters/white/W/6char-pos5.png
    ✓ Downloaded: public/images/letters/white/W/6char-pos5.png
    Position 06 -> public/images/letters/white/W/7char-pos6.png
    ✓ Downloaded: public/images/letters/white/W/7char-pos6.png
    Position 07 -> public/images/letters/white/W/8char-pos7.png
    ✓ Downloaded: public/images/letters/white/W/8char-pos7.png
    Position 08 -> public/images/letters/white/W/9char-pos8.png
    ✓ Downloaded: public/images/letters/white/W/9char-pos8.png
    Position 09 -> public/images/letters/white/W/10char-pos9.png
    ✓ Downloaded: public/images/letters/white/W/10char-pos9.png
    Position 10 -> public/images/letters/white/W/11char-pos10.png
    ✓ Downloaded: public/images/letters/white/W/11char-pos10.png
    Position 11 -> public/images/letters/white/W/12char-pos11.png
    ✓ Downloaded: public/images/letters/white/W/12char-pos11.png
    Position 12 -> public/images/letters/white/W/13char-pos12.png
    ✓ Downloaded: public/images/letters/white/W/13char-pos12.png
    Position 13 -> public/images/letters/white/W/14char-pos13.png
    ✓ Downloaded: public/images/letters/white/W/14char-pos13.png
  Completed letter: W
  Downloading letter: X
    Position 01 -> public/images/letters/white/X/2char-pos1.png
    ✓ Downloaded: public/images/letters/white/X/2char-pos1.png
    Position 02 -> public/images/letters/white/X/3char-pos2.png
    ✓ Downloaded: public/images/letters/white/X/3char-pos2.png
    Position 03 -> public/images/letters/white/X/4char-pos3.png
    ✓ Downloaded: public/images/letters/white/X/4char-pos3.png
    Position 04 -> public/images/letters/white/X/5char-pos4.png
    ✓ Downloaded: public/images/letters/white/X/5char-pos4.png
    Position 05 -> public/images/letters/white/X/6char-pos5.png
    ✓ Downloaded: public/images/letters/white/X/6char-pos5.png
    Position 06 -> public/images/letters/white/X/7char-pos6.png
    ✓ Downloaded: public/images/letters/white/X/7char-pos6.png
    Position 07 -> public/images/letters/white/X/8char-pos7.png
    ✓ Downloaded: public/images/letters/white/X/8char-pos7.png
    Position 08 -> public/images/letters/white/X/9char-pos8.png
    ✓ Downloaded: public/images/letters/white/X/9char-pos8.png
    Position 09 -> public/images/letters/white/X/10char-pos9.png
    ✓ Downloaded: public/images/letters/white/X/10char-pos9.png
    Position 10 -> public/images/letters/white/X/11char-pos10.png
    ✓ Downloaded: public/images/letters/white/X/11char-pos10.png
    Position 11 -> public/images/letters/white/X/12char-pos11.png
    ✓ Downloaded: public/images/letters/white/X/12char-pos11.png
    Position 12 -> public/images/letters/white/X/13char-pos12.png
    ✓ Downloaded: public/images/letters/white/X/13char-pos12.png
    Position 13 -> public/images/letters/white/X/14char-pos13.png
    ✓ Downloaded: public/images/letters/white/X/14char-pos13.png
  Completed letter: X
  Downloading letter: Y
    Position 01 -> public/images/letters/white/Y/2char-pos1.png
    ✓ Downloaded: public/images/letters/white/Y/2char-pos1.png
    Position 02 -> public/images/letters/white/Y/3char-pos2.png
    ✓ Downloaded: public/images/letters/white/Y/3char-pos2.png
    Position 03 -> public/images/letters/white/Y/4char-pos3.png
    ✓ Downloaded: public/images/letters/white/Y/4char-pos3.png
    Position 04 -> public/images/letters/white/Y/5char-pos4.png
    ✓ Downloaded: public/images/letters/white/Y/5char-pos4.png
    Position 05 -> public/images/letters/white/Y/6char-pos5.png
    ✓ Downloaded: public/images/letters/white/Y/6char-pos5.png
    Position 06 -> public/images/letters/white/Y/7char-pos6.png
    ✓ Downloaded: public/images/letters/white/Y/7char-pos6.png
    Position 07 -> public/images/letters/white/Y/8char-pos7.png
    ✓ Downloaded: public/images/letters/white/Y/8char-pos7.png
    Position 08 -> public/images/letters/white/Y/9char-pos8.png
    ✓ Downloaded: public/images/letters/white/Y/9char-pos8.png
    Position 09 -> public/images/letters/white/Y/10char-pos9.png
    ✓ Downloaded: public/images/letters/white/Y/10char-pos9.png
    Position 10 -> public/images/letters/white/Y/11char-pos10.png
    ✓ Downloaded: public/images/letters/white/Y/11char-pos10.png
    Position 11 -> public/images/letters/white/Y/12char-pos11.png
    ✓ Downloaded: public/images/letters/white/Y/12char-pos11.png
    Position 12 -> public/images/letters/white/Y/13char-pos12.png
    ✓ Downloaded: public/images/letters/white/Y/13char-pos12.png
    Position 13 -> public/images/letters/white/Y/14char-pos13.png
    ✓ Downloaded: public/images/letters/white/Y/14char-pos13.png
  Completed letter: Y
  Downloading letter: Z
    Position 01 -> public/images/letters/white/Z/2char-pos1.png
    ✓ Downloaded: public/images/letters/white/Z/2char-pos1.png
    Position 02 -> public/images/letters/white/Z/3char-pos2.png
    ✓ Downloaded: public/images/letters/white/Z/3char-pos2.png
    Position 03 -> public/images/letters/white/Z/4char-pos3.png
    ✓ Downloaded: public/images/letters/white/Z/4char-pos3.png
    Position 04 -> public/images/letters/white/Z/5char-pos4.png
    ✓ Downloaded: public/images/letters/white/Z/5char-pos4.png
    Position 05 -> public/images/letters/white/Z/6char-pos5.png
    ✓ Downloaded: public/images/letters/white/Z/6char-pos5.png
    Position 06 -> public/images/letters/white/Z/7char-pos6.png
    ✓ Downloaded: public/images/letters/white/Z/7char-pos6.png
    Position 07 -> public/images/letters/white/Z/8char-pos7.png
    ✓ Downloaded: public/images/letters/white/Z/8char-pos7.png
    Position 08 -> public/images/letters/white/Z/9char-pos8.png
    ✓ Downloaded: public/images/letters/white/Z/9char-pos8.png
    Position 09 -> public/images/letters/white/Z/10char-pos9.png
    ✓ Downloaded: public/images/letters/white/Z/10char-pos9.png
    Position 10 -> public/images/letters/white/Z/11char-pos10.png
    ✓ Downloaded: public/images/letters/white/Z/11char-pos10.png
    Position 11 -> public/images/letters/white/Z/12char-pos11.png
    ✓ Downloaded: public/images/letters/white/Z/12char-pos11.png
    Position 12 -> public/images/letters/white/Z/13char-pos12.png
    ✓ Downloaded: public/images/letters/white/Z/13char-pos12.png
    Position 13 -> public/images/letters/white/Z/14char-pos13.png
    ✓ Downloaded: public/images/letters/white/Z/14char-pos13.png
  Completed letter: Z
Download complete!
Images saved to: public/images/letters/

Summary:
- Downloaded letters A-Z for white color
- Each letter has 13 position variants (for 2-13 character words)
- Images organized in: public/images/letters/white/[LETTER]/[CHARCOUNT]char-pos[POSITION].png
